Microchip MPLAB XC8 Compiler V1.32 ()

Linker command line:

--edf=C:\Program Files (x86)\Microchip\xc8\v1.32\dat\en_msgs.txt -cs \
  -h+dist/default/production\Example_8.2.X.production.sym \
  --cmf=dist/default/production\Example_8.2.X.production.cmf -z -Q18F4550 \
  -oC:\Users\tbi\AppData\Local\Temp\s3dc.6 \
  -Mdist/default/production/Example_8.2.X.production.map -E1 -ver=XC8 \
  -ASTACK=060h-07ffh -pstack=STACK -ACODE=00h-07FFFh -ACONST=00h-07FFFh \
  -ASMALLCONST=0800h-08FFhx120 -AMEDIUMCONST=0800h-07FFFh -ACOMRAM=01h-05Fh \
  -AABS1=00h-07FFh -ABIGRAM=01h-07FFh -ARAM=060h-0FFh,0100h-01FFhx7 \
  -ABANK0=060h-0FFh -ABANK1=0100h-01FFh -ABANK2=0200h-02FFh \
  -ABANK3=0300h-03FFh -ABANK4=0400h-04FFh -ABANK5=0500h-05FFh \
  -ABANK6=0600h-06FFh -ABANK7=0700h-07FFh -ASFR=0F60h-0FFFh \
  -preset_vec=00h,intcode,intcodelo,powerup,init,end_init -pramtop=0800h \
  -psmallconst=SMALLCONST -pmediumconst=MEDIUMCONST -pconst=CONST \
  -AFARRAM=00h-00h -ACONFIG=0300000h-030000Dh -pconfig=CONFIG \
  -AIDLOC=0200000h-0200007h -pidloc=IDLOC -AEEDATA=0F00000h-0F000FFh \
  -peeprom_data=EEDATA \
  -prdata=COMRAM,nvrram=COMRAM,nvbit=COMRAM,rbss=COMRAM,rbit=COMRAM \
  -pfarbss=FARRAM,fardata=FARRAM,nvFARRAM=FARRAM \
  -pintsave_regs=BIGRAM,bigbss=BIGRAM,bigdata=BIGRAM -pbss=RAM \
  -pidata=CODE,irdata=CODE,ibigdata=CODE,ifardata=CODE \
  C:\Users\tbi\AppData\Local\Temp\s3dc.obj \
  dist/default/production\Example_8.2.X.production.obj 

Object code version is 3.11

Machine type is 18F4550

Call graph: (short form)




                Name                               Link     Load   Length Selector   Space Scale
C:\Users\tbi\AppData\Local\Temp\s3dc.obj
                end_init                              0        0        4        0       0
                idloc                            200000   200000        8   200000       0
                config                           300000   300000        E   300000       0
dist/default/production\Example_8.2.X.production.obj
                mediumconst                        702A     702A      FD6     3815       0
                text22                             693E     693E       10     349F       0
                text21                             694E     694E       1A     34A7       0
                text20                             6A1C     6A1C       28     350E       0
                text19                             6916     6916        4     348B       0
                text18                             69AA     69AA       26     34D5       0
                text17                             69D0     69D0       26     34E8       0
                text16                             6986     6986       24     34C3       0
                text15                             6A9C     6A9C       30     354E       0
                text14                             6DF6     6DF6       A4     36FB       0
                text13                             6C54     6C54       78     362A       0
                text12                             6B86     6B86       66     35C3       0
                text11                             6BEC     6BEC       68     35F6       0
                text10                             6CCC     6CCC       92     3666       0
                text9                              6E9A     6E9A      190     374D       0
                text8                              6A6E     6A6E       2E     3537       0
                text7                              691A     691A        A     348D       0
                text6                              6968     6968       1E     34B4       0
                text5                              6D5E     6D5E       98     36AF       0
                text4                              6924     6924        C     3492       0
                text3                              69F6     69F6       26     34FB       0
                text2                              6B24     6B24       62     3592       0
                text1                              6A44     6A44       2A     3522       0
                text0                              6ACC     6ACC       58     3566       0
                cstackCOMRAM                          1        1       24        1       1
                bssCOMRAM                            25       25        2        1       1
                cinit                              6930     6930        E     3498       0

TOTAL           Name                               Link     Load   Length     Space
        CLASS   STACK          

        CLASS   CODE           
                end_init                              0        0        4         0
                text22                             693E     693E       10         0
                text21                             694E     694E       1A         0
                text20                             6A1C     6A1C       28         0
                text19                             6916     6916        4         0
                text18                             69AA     69AA       26         0
                text17                             69D0     69D0       26         0
                text16                             6986     6986       24         0
                text15                             6A9C     6A9C       30         0
                text14                             6DF6     6DF6       A4         0
                text13                             6C54     6C54       78         0
                text12                             6B86     6B86       66         0
                text11                             6BEC     6BEC       68         0
                text10                             6CCC     6CCC       92         0
                text9                              6E9A     6E9A      190         0
                text8                              6A6E     6A6E       2E         0
                text7                              691A     691A        A         0
                text6                              6968     6968       1E         0
                text5                              6D5E     6D5E       98         0
                text4                              6924     6924        C         0
                text3                              69F6     69F6       26         0
                text2                              6B24     6B24       62         0
                text1                              6A44     6A44       2A         0
                text0                              6ACC     6ACC       58         0
                cinit                              6930     6930        E         0

        CLASS   CONST          

        CLASS   SMALLCONST     

        CLASS   MEDIUMCONST    
                mediumconst                        702A     702A      FD6         0

        CLASS   COMRAM         
                cstackCOMRAM                          1        1       24         1
                bssCOMRAM                            25       25        2         1

        CLASS   ABS1           

        CLASS   BIGRAM         

        CLASS   RAM            

        CLASS   BANK0          

        CLASS   BANK1          

        CLASS   BANK2          

        CLASS   BANK3          

        CLASS   BANK4          

        CLASS   BANK5          

        CLASS   BANK6          

        CLASS   BANK7          

        CLASS   SFR            

        CLASS   FARRAM         

        CLASS   CONFIG         
                config                           300000   300000        E         0

        CLASS   IDLOC          
                idloc                            200000   200000        8         0

        CLASS   EEDATA         



SEGMENTS        Name                           Load    Length   Top    Selector   Space  Class

                reset_vec                      000000  000004  000004         0       0  CODE    
                cstackCOMRAM                   000001  000026  000027         1       1  COMRAM  
                text19                         006916  000004  00691A      348B       0  CODE    
                text7                          00691A  00000A  006924      348D       0  CODE    
                text4                          006924  00000C  006930      3492       0  CODE    
                cinit                          006930  00000E  00693E      3498       0  CODE    
                text22                         00693E  000010  00694E      349F       0  CODE    
                text21                         00694E  00001A  006968      34A7       0  CODE    
                text6                          006968  00001E  006986      34B4       0  CODE    
                text16                         006986  000024  0069AA      34C3       0  CODE    
                text18                         0069AA  000026  0069D0      34D5       0  CODE    
                text17                         0069D0  000026  0069F6      34E8       0  CODE    
                text3                          0069F6  000026  006A1C      34FB       0  CODE    
                text20                         006A1C  000028  006A44      350E       0  CODE    
                text1                          006A44  00002A  006A6E      3522       0  CODE    
                text8                          006A6E  00002E  006A9C      3537       0  CODE    
                text15                         006A9C  000030  006ACC      354E       0  CODE    
                text0                          006ACC  000058  006B24      3566       0  CODE    
                text2                          006B24  000062  006B86      3592       0  CODE    
                text12                         006B86  000066  006BEC      35C3       0  CODE    
                text11                         006BEC  000068  006C54      35F6       0  CODE    
                text13                         006C54  000078  006CCC      362A       0  CODE    
                text10                         006CCC  000092  006D5E      3666       0  CODE    
                text5                          006D5E  000098  006DF6      36AF       0  CODE    
                text14                         006DF6  0000A4  006E9A      36FB       0  CODE    
                text9                          006E9A  000190  00702A      374D       0  CODE    
                mediumconst                    00702A  000FD6  008000      3815       0  MEDIUMCO
                idloc                          200000  000008  200008    200000       0  IDLOC   
                config                         300000  00000E  30000E    300000       0  CONFIG  


UNUSED ADDRESS RANGES

        Name                Unused          Largest block    Delta
        BANK0            000060-0000FF               A0
        BANK1            000100-0001FF              100
        BANK2            000200-0002FF              100
        BANK3            000300-0003FF              100
        BANK4            000400-0004FF              100
        BANK5            000500-0005FF              100
        BANK6            000600-0006FF              100
        BANK7            000700-0007FF              100
        BIGRAM           000027-0007FF              7D9
        CODE             000004-006915             6912
        COMRAM           000027-00005F               39
        CONST            000004-006915             6912
        EEDATA           F00000-F000FF              100
        MEDIUMCONST      000800-006915             6116
        RAM              000060-0007FF              100
        SFR              000F60-000FFF               A0
        SMALLCONST       000800-006915              100
        STACK            000060-0007FF              7A0

                                  Symbol Table

?___awdiv                            cstackCOMRAM 000001
?___wmul                             cstackCOMRAM 000001
Delay1KTCYx@unit                     cstackCOMRAM 000001
Delay_s@i                            cstackCOMRAM 000005
Delay_s@j                            cstackCOMRAM 000006
Delay_s@t                            cstackCOMRAM 000004
GLCD_Circle@cx                       cstackCOMRAM 000020
GLCD_Circle@cy                       cstackCOMRAM 000016
GLCD_Circle@radius                   cstackCOMRAM 000017
GLCD_Circle@radiusError              cstackCOMRAM 00001C
GLCD_Circle@x                        cstackCOMRAM 000021
GLCD_Circle@xchange                  cstackCOMRAM 00001E
GLCD_Circle@y                        cstackCOMRAM 000023
GLCD_Circle@ychange                  cstackCOMRAM 00001A
GLCD_ClearScreen@i                   cstackCOMRAM 00000F
GLCD_ClearScreen@j                   cstackCOMRAM 000010
GLCD_DisableController@controller    cstackCOMRAM 000001
GLCD_EnableController@controller     cstackCOMRAM 000001
GLCD_GoTo@i                          cstackCOMRAM 00000E
GLCD_GoTo@x                          cstackCOMRAM 00000D
GLCD_GoTo@y                          cstackCOMRAM 00000C
GLCD_Initialize@i                    cstackCOMRAM 00000C
GLCD_ReadByteFromROMMemory@ptr       cstackCOMRAM 000007
GLCD_ReadData@data                   cstackCOMRAM 00000A
GLCD_ReadStatus@controller           cstackCOMRAM 000003
GLCD_ReadStatus@status               cstackCOMRAM 000002
GLCD_Rectangle@a                     cstackCOMRAM 000018
GLCD_Rectangle@b                     cstackCOMRAM 000017
GLCD_Rectangle@j                     cstackCOMRAM 00001B
GLCD_Rectangle@x                     cstackCOMRAM 00001A
GLCD_Rectangle@y                     cstackCOMRAM 000016
GLCD_SetPixel@color                  cstackCOMRAM 000010
GLCD_SetPixel@tmp                    cstackCOMRAM 000013
GLCD_SetPixel@x                      cstackCOMRAM 000014
GLCD_SetPixel@y                      cstackCOMRAM 00000F
GLCD_WriteChar@charToWrite           cstackCOMRAM 00000D
GLCD_WriteChar@i                     cstackCOMRAM 00000E
GLCD_WriteCommand@commandToWrite     cstackCOMRAM 00000B
GLCD_WriteCommand@controller         cstackCOMRAM 000009
GLCD_WriteData@dataToWrite           cstackCOMRAM 00000A
GLCD_WriteString@stringToWrite       cstackCOMRAM 000010
_ADCON1                              (abs)        000FC1
_CMCON                               (abs)        000FB4
_Delay1KTCYx                         text22       00693E
_Delay_s                             text20       006A1C
_GLCD_Circle                         text9        006E9A
_GLCD_ClearScreen                    text8        006A6E
_GLCD_Delay                          text19       006916
_GLCD_DisableController              text18       0069AA
_GLCD_EnableController               text17       0069D0
_GLCD_GoTo                           text13       006C54
_GLCD_Initialize                     text6        006968
_GLCD_InitializePorts                text7        00691A
_GLCD_ReadByteFromROMMemory          text4        006924
_GLCD_ReadData                       text12       006B86
_GLCD_ReadStatus                     text16       006986
_GLCD_Rectangle                      text5        006D5E
_GLCD_SetPixel                       text10       006CCC
_GLCD_SetPixel$750                   cstackCOMRAM 000015
_GLCD_WriteChar                      text2        006B24
_GLCD_WriteCommand                   text15       006A9C
_GLCD_WriteData                      text11       006BEC
_GLCD_WriteString                    text1        006A44
_PORTA                               (abs)        000F80
_PORTD                               (abs)        000F83
_TRISA                               (abs)        000F92
_TRISD                               (abs)        000F95
__CFG_BOR$ON                         (abs)        000000
__CFG_BORV$3                         (abs)        000000
__CFG_CCP2MX$OFF                     (abs)        000000
__CFG_CP0$OFF                        (abs)        000000
__CFG_CP1$OFF                        (abs)        000000
__CFG_CP2$OFF                        (abs)        000000
__CFG_CP3$OFF                        (abs)        000000
__CFG_CPB$OFF                        (abs)        000000
__CFG_CPD$OFF                        (abs)        000000
__CFG_CPUDIV$OSC1_PLL2               (abs)        000000
__CFG_EBTR0$OFF                      (abs)        000000
__CFG_EBTR1$OFF                      (abs)        000000
__CFG_EBTR2$OFF                      (abs)        000000
__CFG_EBTR3$OFF                      (abs)        000000
__CFG_EBTRB$OFF                      (abs)        000000
__CFG_FCMEN$OFF                      (abs)        000000
__CFG_FOSC$HS                        (abs)        000000
__CFG_ICPRT$OFF                      (abs)        000000
__CFG_IESO$OFF                       (abs)        000000
__CFG_LPT1OSC$OFF                    (abs)        000000
__CFG_LVP$ON                         (abs)        000000
__CFG_MCLRE$ON                       (abs)        000000
__CFG_PBADEN$OFF                     (abs)        000000
__CFG_PLLDIV$5                       (abs)        000000
__CFG_PWRT$OFF                       (abs)        000000
__CFG_STVREN$ON                      (abs)        000000
__CFG_USBDIV$1                       (abs)        000000
__CFG_VREGEN$OFF                     (abs)        000000
__CFG_WDT$OFF                        (abs)        000000
__CFG_WDTPS$32768                    (abs)        000000
__CFG_WRT0$OFF                       (abs)        000000
__CFG_WRT1$OFF                       (abs)        000000
__CFG_WRT2$OFF                       (abs)        000000
__CFG_WRT3$OFF                       (abs)        000000
__CFG_WRTB$OFF                       (abs)        000000
__CFG_WRTC$OFF                       (abs)        000000
__CFG_WRTD$OFF                       (abs)        000000
__CFG_XINST$OFF                      (abs)        000000
__HRAM                               (abs)        000000
__Habs1                              abs1         000000
__Hbank0                             bank0        000000
__Hbank1                             bank1        000000
__Hbank2                             bank2        000000
__Hbank3                             bank3        000000
__Hbank4                             bank4        000000
__Hbank5                             bank5        000000
__Hbank6                             bank6        000000
__Hbank7                             bank7        000000
__Hbigbss                            bigbss       000000
__Hbigdata                           bigdata      000000
__Hbigram                            bigram       000000
__Hbss                               bss          000000
__HbssCOMRAM                         bssCOMRAM    000000
__Hcinit                             cinit        000000
__Hclrtext                           clrtext      000000
__Hcomram                            comram       000000
__Hconfig                            config       30000E
__Hconst                             const        000000
__HcstackCOMRAM                      cstackCOMRAM 000000
__Hdata                              data         000000
__Heeprom_data                       eeprom_data  000000
__Hend_init                          end_init     000004
__Hfarbss                            farbss       000000
__Hfardata                           fardata      000000
__Hibigdata                          ibigdata     000000
__Hidata                             idata        000000
__Hidloc                             idloc        200008
__Hifardata                          ifardata     000000
__Hinit                              init         000000
__Hintcode                           intcode      000000
__Hintcode_body                      intcode_body 000000
__Hintcodelo                         intcodelo    000000
__Hintentry                          intentry     000000
__Hintret                            intret       000000
__Hintsave_regs                      intsave_regs 000000
__Hirdata                            irdata       000000
__Hmediumconst                       mediumconst  008000
__HnvFARRAM                          nvFARRAM     000000
__Hnvbit                             nvbit        000000
__Hnvrram                            nvrram       000000
__Hparam                             rparam       000000
__Hpowerup                           powerup      000000
__Hram                               ram          000000
__Hramtop                            ramtop       000800
__Hrbit                              rbit         000000
__Hrbss                              rbss         000000
__Hrdata                             rdata        000000
__Hreset_vec                         reset_vec    000000
__Hrparam                            rparam       000000
__Hsfr                               sfr          000000
__Hsmallconst                        smallconst   000000
__Hspace_0                           (abs)        30000E
__Hspace_1                           (abs)        000027
__Hspace_2                           (abs)        000000
__Hstack                             stack        000000
__Hstruct                            struct       000000
__Htemp                              temp         000000
__Htext                              text         000000
__Htext0                             text0        000000
__Htext1                             text1        000000
__Htext10                            text10       000000
__Htext11                            text11       000000
__Htext12                            text12       000000
__Htext13                            text13       000000
__Htext14                            text14       000000
__Htext15                            text15       000000
__Htext16                            text16       000000
__Htext17                            text17       000000
__Htext18                            text18       000000
__Htext19                            text19       000000
__Htext2                             text2        000000
__Htext20                            text20       000000
__Htext21                            text21       000000
__Htext22                            text22       000000
__Htext3                             text3        000000
__Htext4                             text4        000000
__Htext5                             text5        000000
__Htext6                             text6        000000
__Htext7                             text7        000000
__Htext8                             text8        000000
__Htext9                             text9        000000
__LRAM                               (abs)        000001
__Labs1                              abs1         000000
__Lbank0                             bank0        000000
__Lbank1                             bank1        000000
__Lbank2                             bank2        000000
__Lbank3                             bank3        000000
__Lbank4                             bank4        000000
__Lbank5                             bank5        000000
__Lbank6                             bank6        000000
__Lbank7                             bank7        000000
__Lbigbss                            bigbss       000000
__Lbigdata                           bigdata      000000
__Lbigram                            bigram       000000
__Lbss                               bss          000000
__LbssCOMRAM                         bssCOMRAM    000000
__Lcinit                             cinit        000000
__Lclrtext                           clrtext      000000
__Lcomram                            comram       000000
__Lconfig                            config       300000
__Lconst                             const        000000
__LcstackCOMRAM                      cstackCOMRAM 000000
__Ldata                              data         000000
__Leeprom_data                       eeprom_data  000000
__Lend_init                          end_init     000000
__Lfarbss                            farbss       000000
__Lfardata                           fardata      000000
__Libigdata                          ibigdata     000000
__Lidata                             idata        000000
__Lidloc                             idloc        200000
__Lifardata                          ifardata     000000
__Linit                              init         000000
__Lintcode                           intcode      000000
__Lintcode_body                      intcode_body 000000
__Lintcodelo                         intcodelo    000000
__Lintentry                          intentry     000000
__Lintret                            intret       000000
__Lintsave_regs                      intsave_regs 000000
__Lirdata                            irdata       000000
__Lmediumconst                       mediumconst  00702A
__LnvFARRAM                          nvFARRAM     000000
__Lnvbit                             nvbit        000000
__Lnvrram                            nvrram       000000
__Lparam                             rparam       000000
__Lpowerup                           powerup      000000
__Lram                               ram          000000
__Lramtop                            ramtop       000800
__Lrbit                              rbit         000000
__Lrbss                              rbss         000000
__Lrdata                             rdata        000000
__Lreset_vec                         reset_vec    000000
__Lrparam                            rparam       000000
__Lsfr                               sfr          000000
__Lsmallconst                        smallconst   000000
__Lspace_0                           (abs)        000000
__Lspace_1                           (abs)        000000
__Lspace_2                           (abs)        000000
__Lstack                             stack        000000
__Lstruct                            struct       000000
__Ltemp                              temp         000000
__Ltext                              text         000000
__Ltext0                             text0        000000
__Ltext1                             text1        000000
__Ltext10                            text10       000000
__Ltext11                            text11       000000
__Ltext12                            text12       000000
__Ltext13                            text13       000000
__Ltext14                            text14       000000
__Ltext15                            text15       000000
__Ltext16                            text16       000000
__Ltext17                            text17       000000
__Ltext18                            text18       000000
__Ltext19                            text19       000000
__Ltext2                             text2        000000
__Ltext20                            text20       000000
__Ltext21                            text21       000000
__Ltext22                            text22       000000
__Ltext3                             text3        000000
__Ltext4                             text4        000000
__Ltext5                             text5        000000
__Ltext6                             text6        000000
__Ltext7                             text7        000000
__Ltext8                             text8        000000
__Ltext9                             text9        000000
__S0                                 (abs)        30000E
__S1                                 (abs)        000027
__S2                                 (abs)        000000
___awdiv                             text14       006DF6
___awdiv@counter                     cstackCOMRAM 000005
___awdiv@dividend                    cstackCOMRAM 000001
___awdiv@divisor                     cstackCOMRAM 000003
___awdiv@quotient                    cstackCOMRAM 000007
___awdiv@sign                        cstackCOMRAM 000006
___inthi_sp                          stack        000000
___intlo_sp                          stack        000000
___sp                                stack        000000
___wmul                              text3        0069F6
___wmul@multiplicand                 cstackCOMRAM 000003
___wmul@multiplier                   cstackCOMRAM 000001
___wmul@product                      cstackCOMRAM 000005
__accesstop                          (abs)        000060
__activetblptr                       (abs)        000002
__end_of_Delay1KTCYx                 text22       00694E
__end_of_Delay_s                     text20       006A44
__end_of_GLCD_Circle                 text9        00702A
__end_of_GLCD_ClearScreen            text8        006A9C
__end_of_GLCD_Delay                  text19       00691A
__end_of_GLCD_DisableController      text18       0069D0
__end_of_GLCD_EnableController       text17       0069F6
__end_of_GLCD_GoTo                   text13       006CCC
__end_of_GLCD_Initialize             text6        006986
__end_of_GLCD_InitializePorts        text7        006924
__end_of_GLCD_ReadByteFromROMMemory  text4        006930
__end_of_GLCD_ReadData               text12       006BEC
__end_of_GLCD_ReadStatus             text16       0069AA
__end_of_GLCD_Rectangle              text5        006DF6
__end_of_GLCD_SetPixel               text10       006D5E
__end_of_GLCD_WriteChar              text2        006B86
__end_of_GLCD_WriteCommand           text15       006ACC
__end_of_GLCD_WriteData              text11       006C54
__end_of_GLCD_WriteString            text1        006A6E
__end_of___awdiv                     text14       006E9A
__end_of___wmul                      text3        006A1C
__end_of__initialization             cinit        006934
__end_of__stringdata                 mediumconst  007FFE
__end_of_color                       mediumconst  007FEC
__end_of_delay_ms                    text21       006968
__end_of_font5x8                     mediumconst  007E0B
__end_of_logoglcd1                   mediumconst  00742B
__end_of_logoglcd2                   mediumconst  00782B
__end_of_main                        text0        006B24
__end_of_mchip_logo                  mediumconst  007C2B
__end_offont5x8@font5x8              mediumconst  007FEB
__initialization                     cinit        006930
__mediumconst                        mediumconst  00702A
__pbssCOMRAM                         bssCOMRAM    000025
__pcinit                             cinit        006930
__pcstackCOMRAM                      cstackCOMRAM 000001
__pmediumconst                       mediumconst  00702A
__ptext0                             text0        006ACC
__ptext1                             text1        006A44
__ptext10                            text10       006CCC
__ptext11                            text11       006BEC
__ptext12                            text12       006B86
__ptext13                            text13       006C54
__ptext14                            text14       006DF6
__ptext15                            text15       006A9C
__ptext16                            text16       006986
__ptext17                            text17       0069D0
__ptext18                            text18       0069AA
__ptext19                            text19       006916
__ptext2                             text2        006B24
__ptext20                            text20       006A1C
__ptext21                            text21       00694E
__ptext22                            text22       00693E
__ptext3                             text3        0069F6
__ptext4                             text4        006924
__ptext5                             text5        006D5E
__ptext6                             text6        006968
__ptext7                             text7        00691A
__ptext8                             text8        006A6E
__ptext9                             text9        006E9A
__ramtop                             ramtop       000800
__size_of_Delay1KTCYx                (abs)        000000
__size_of_Delay_s                    (abs)        000000
__size_of_GLCD_Circle                (abs)        000000
__size_of_GLCD_ClearScreen           (abs)        000000
__size_of_GLCD_Delay                 (abs)        000000
__size_of_GLCD_DisableController     (abs)        000000
__size_of_GLCD_EnableController      (abs)        000000
__size_of_GLCD_GoTo                  (abs)        000000
__size_of_GLCD_Initialize            (abs)        000000
__size_of_GLCD_InitializePorts       (abs)        000000
__size_of_GLCD_ReadByteFromROMMemory (abs)        000000
__size_of_GLCD_ReadData              (abs)        000000
__size_of_GLCD_ReadStatus            (abs)        000000
__size_of_GLCD_Rectangle             (abs)        000000
__size_of_GLCD_SetPixel              (abs)        000000
__size_of_GLCD_WriteChar             (abs)        000000
__size_of_GLCD_WriteCommand          (abs)        000000
__size_of_GLCD_WriteData             (abs)        000000
__size_of_GLCD_WriteString           (abs)        000000
__size_of___awdiv                    (abs)        000000
__size_of___wmul                     (abs)        000000
__size_of_delay_ms                   (abs)        000000
__size_of_main                       (abs)        000000
__smallconst                         smallconst   000000
__stringdata                         mediumconst  007FEC
_color                               mediumconst  007FEB
_delay_ms                            text21       00694E
_font5x8                             mediumconst  007C2B
_logoglcd1                           mediumconst  00702B
_logoglcd2                           mediumconst  00742B
_main                                text0        006ACC
_mchip_logo                          mediumconst  00782B
_screen_x                            bssCOMRAM    000025
_screen_y                            bssCOMRAM    000026
delay_ms@i                           cstackCOMRAM 000003
delay_ms@t                           cstackCOMRAM 000002
end_of_initialization                cinit        006934
font5x8@font5x8                      mediumconst  007E0B
intlevel0                            text         000000
intlevel1                            text         000000
intlevel2                            text         000000
intlevel3                            text         000000
stackhi                              (abs)        0007FF
stacklo                              (abs)        000060
start                                init         000000
start_initialization                 cinit        006930


FUNCTION INFORMATION:

 *************** function _main *****************
 Defined at:
		line 24 in file "main.c"
 Parameters:    Size  Location     Type
		None
 Auto vars:     Size  Location     Type
		None
 Return value:  Size  Location     Type
		None               void
 Registers used:
		wreg, fsr2l, fsr2h, status,2, status,0, tblptrl, tblptrh, tblptru, prodl, prodh, cstack
 Tracked objects:
		On entry : 
		On exit  : 
		Unchanged: 
 Data sizes:     COMRAM   BANK0   BANK1   BANK2   BANK3   BANK4   BANK5   BANK6   BANK7
      Params:         0       0       0       0       0       0       0       0       0
      Locals:         0       0       0       0       0       0       0       0       0
      Temps:          0       0       0       0       0       0       0       0       0
      Totals:         0       0       0       0       0       0       0       0       0
Total ram usage:        0 bytes
 Hardware stack levels required when called:    6
 This function calls:
		_Delay_s
		_GLCD_Circle
		_GLCD_ClearScreen
		_GLCD_Initialize
		_GLCD_Rectangle
		_GLCD_WriteString
 This function is called by:
		Startup code after reset
 This function uses a non-reentrant model


 *************** function _GLCD_WriteString *****************
 Defined at:
		line 68 in file "KS0108.c"
 Parameters:    Size  Location     Type
  stringToWrit    2   15[COMRAM] PTR unsigned char 
		 -> STR_1(18), 
 Auto vars:     Size  Location     Type
		None
 Return value:  Size  Location     Type
		None               void
 Registers used:
		wreg, fsr2l, fsr2h, status,2, status,0, tblptrl, tblptrh, tblptru, prodl, prodh, cstack
 Tracked objects:
		On entry : 
		On exit  : 
		Unchanged: 
 Data sizes:     COMRAM   BANK0   BANK1   BANK2   BANK3   BANK4   BANK5   BANK6   BANK7
      Params:         2       0       0       0       0       0       0       0       0
      Locals:         0       0       0       0       0       0       0       0       0
      Temps:          0       0       0       0       0       0       0       0       0
      Totals:         2       0       0       0       0       0       0       0       0
Total ram usage:        2 bytes
 Hardware stack levels used:    1
 Hardware stack levels required when called:    4
 This function calls:
		_GLCD_WriteChar
 This function is called by:
		_main
 This function uses a non-reentrant model


 *************** function _GLCD_WriteChar *****************
 Defined at:
		line 57 in file "KS0108.c"
 Parameters:    Size  Location     Type
  charToWrite     1    wreg     unsigned char 
 Auto vars:     Size  Location     Type
  charToWrite     1   12[COMRAM] unsigned char 
  i               2   13[COMRAM] int 
 Return value:  Size  Location     Type
		None               void
 Registers used:
		wreg, fsr2l, fsr2h, status,2, status,0, prodl, prodh, cstack
 Tracked objects:
		On entry : 
		On exit  : 
		Unchanged: 
 Data sizes:     COMRAM   BANK0   BANK1   BANK2   BANK3   BANK4   BANK5   BANK6   BANK7
      Params:         0       0       0       0       0       0       0       0       0
      Locals:         3       0       0       0       0       0       0       0       0
      Temps:          2       0       0       0       0       0       0       0       0
      Totals:         5       0       0       0       0       0       0       0       0
Total ram usage:        5 bytes
 Hardware stack levels used:    1
 Hardware stack levels required when called:    3
 This function calls:
		_GLCD_ReadByteFromROMMemory
		_GLCD_WriteData
		___wmul
 This function is called by:
		_GLCD_WriteString
 This function uses a non-reentrant model


 *************** function ___wmul *****************
 Defined at:
		line 15 in file "C:\Program Files (x86)\Microchip\xc8\v1.32\sources\common\Umul16.c"
 Parameters:    Size  Location     Type
  multiplier      2    0[COMRAM] unsigned int 
  multiplicand    2    2[COMRAM] unsigned int 
 Auto vars:     Size  Location     Type
  product         2    4[COMRAM] unsigned int 
 Return value:  Size  Location     Type
                  2    0[COMRAM] unsigned int 
 Registers used:
		wreg, status,2, status,0, prodl, prodh
 Tracked objects:
		On entry : 
		On exit  : 
		Unchanged: 
 Data sizes:     COMRAM   BANK0   BANK1   BANK2   BANK3   BANK4   BANK5   BANK6   BANK7
      Params:         4       0       0       0       0       0       0       0       0
      Locals:         2       0       0       0       0       0       0       0       0
      Temps:          0       0       0       0       0       0       0       0       0
      Totals:         6       0       0       0       0       0       0       0       0
Total ram usage:        6 bytes
 Hardware stack levels used:    1
 This function calls:
		Nothing
 This function is called by:
		_GLCD_WriteChar
 This function uses a non-reentrant model


 *************** function _GLCD_ReadByteFromROMMemory *****************
 Defined at:
		line 130 in file "KS0108-PIC18.c"
 Parameters:    Size  Location     Type
  ptr             2    6[COMRAM] PTR unsigned char 
		 -> RAM(2047), 
 Auto vars:     Size  Location     Type
		None
 Return value:  Size  Location     Type
                  1    wreg      unsigned char 
 Registers used:
		wreg, fsr2l, fsr2h
 Tracked objects:
		On entry : 
		On exit  : 
		Unchanged: 
 Data sizes:     COMRAM   BANK0   BANK1   BANK2   BANK3   BANK4   BANK5   BANK6   BANK7
      Params:         2       0       0       0       0       0       0       0       0
      Locals:         0       0       0       0       0       0       0       0       0
      Temps:          0       0       0       0       0       0       0       0       0
      Totals:         2       0       0       0       0       0       0       0       0
Total ram usage:        2 bytes
 Hardware stack levels used:    1
 This function calls:
		Nothing
 This function is called by:
		_GLCD_WriteChar
		_GLCD_Bitmap
 This function uses a non-reentrant model


 *************** function _GLCD_Rectangle *****************
 Defined at:
		line 5 in file "graphic.c"
 Parameters:    Size  Location     Type
  x               1    wreg     unsigned char 
  y               1   21[COMRAM] unsigned char 
  b               1   22[COMRAM] unsigned char 
  a               1   23[COMRAM] unsigned char 
 Auto vars:     Size  Location     Type
  x               1   25[COMRAM] unsigned char 
  j               1   26[COMRAM] unsigned char 
 Return value:  Size  Location     Type
		None               void
 Registers used:
		wreg, status,2, status,0, tblptrl, tblptrh, tblptru, prodl, cstack
 Tracked objects:
		On entry : 
		On exit  : 
		Unchanged: 
 Data sizes:     COMRAM   BANK0   BANK1   BANK2   BANK3   BANK4   BANK5   BANK6   BANK7
      Params:         3       0       0       0       0       0       0       0       0
      Locals:         2       0       0       0       0       0       0       0       0
      Temps:          1       0       0       0       0       0       0       0       0
      Totals:         6       0       0       0       0       0       0       0       0
Total ram usage:        6 bytes
 Hardware stack levels used:    1
 Hardware stack levels required when called:    5
 This function calls:
		_GLCD_SetPixel
 This function is called by:
		_main
 This function uses a non-reentrant model


 *************** function _GLCD_Initialize *****************
 Defined at:
		line 16 in file "KS0108.c"
 Parameters:    Size  Location     Type
		None
 Auto vars:     Size  Location     Type
  i               1   11[COMRAM] unsigned char 
 Return value:  Size  Location     Type
		None               void
 Registers used:
		wreg, status,2, status,0, cstack
 Tracked objects:
		On entry : 
		On exit  : 
		Unchanged: 
 Data sizes:     COMRAM   BANK0   BANK1   BANK2   BANK3   BANK4   BANK5   BANK6   BANK7
      Params:         0       0       0       0       0       0       0       0       0
      Locals:         1       0       0       0       0       0       0       0       0
      Temps:          0       0       0       0       0       0       0       0       0
      Totals:         1       0       0       0       0       0       0       0       0
Total ram usage:        1 bytes
 Hardware stack levels used:    1
 Hardware stack levels required when called:    3
 This function calls:
		_GLCD_InitializePorts
		_GLCD_WriteCommand
 This function is called by:
		_main
 This function uses a non-reentrant model


 *************** function _GLCD_InitializePorts *****************
 Defined at:
		line 31 in file "KS0108-PIC18.c"
 Parameters:    Size  Location     Type
		None
 Auto vars:     Size  Location     Type
		None
 Return value:  Size  Location     Type
		None               void
 Registers used:
		wreg, status,2, status,0
 Tracked objects:
		On entry : 
		On exit  : 
		Unchanged: 
 Data sizes:     COMRAM   BANK0   BANK1   BANK2   BANK3   BANK4   BANK5   BANK6   BANK7
      Params:         0       0       0       0       0       0       0       0       0
      Locals:         0       0       0       0       0       0       0       0       0
      Temps:          0       0       0       0       0       0       0       0       0
      Totals:         0       0       0       0       0       0       0       0       0
Total ram usage:        0 bytes
 Hardware stack levels used:    1
 This function calls:
		Nothing
 This function is called by:
		_GLCD_Initialize
 This function uses a non-reentrant model


 *************** function _GLCD_ClearScreen *****************
 Defined at:
		line 44 in file "KS0108.c"
 Parameters:    Size  Location     Type
		None
 Auto vars:     Size  Location     Type
  j               1   15[COMRAM] unsigned char 
  i               1   14[COMRAM] unsigned char 
 Return value:  Size  Location     Type
		None               void
 Registers used:
		wreg, status,2, status,0, prodl, cstack
 Tracked objects:
		On entry : 
		On exit  : 
		Unchanged: 
 Data sizes:     COMRAM   BANK0   BANK1   BANK2   BANK3   BANK4   BANK5   BANK6   BANK7
      Params:         0       0       0       0       0       0       0       0       0
      Locals:         2       0       0       0       0       0       0       0       0
      Temps:          0       0       0       0       0       0       0       0       0
      Totals:         2       0       0       0       0       0       0       0       0
Total ram usage:        2 bytes
 Hardware stack levels used:    1
 Hardware stack levels required when called:    4
 This function calls:
		_GLCD_GoTo
		_GLCD_WriteData
 This function is called by:
		_main
 This function uses a non-reentrant model


 *************** function _GLCD_Circle *****************
 Defined at:
		line 21 in file "graphic.c"
 Parameters:    Size  Location     Type
  cx              1    wreg     unsigned char 
  cy              1   21[COMRAM] unsigned char 
  radius          1   22[COMRAM] unsigned char 
 Auto vars:     Size  Location     Type
  cx              1   31[COMRAM] unsigned char 
  y               2   34[COMRAM] int 
  x               2   32[COMRAM] int 
  xchange         2   29[COMRAM] int 
  radiusError     2   27[COMRAM] int 
  ychange         2   25[COMRAM] int 
 Return value:  Size  Location     Type
		None               void
 Registers used:
		wreg, status,2, status,0, tblptrl, tblptrh, tblptru, prodl, prodh, cstack
 Tracked objects:
		On entry : 
		On exit  : 
		Unchanged: 
 Data sizes:     COMRAM   BANK0   BANK1   BANK2   BANK3   BANK4   BANK5   BANK6   BANK7
      Params:         2       0       0       0       0       0       0       0       0
      Locals:        11       0       0       0       0       0       0       0       0
      Temps:          2       0       0       0       0       0       0       0       0
      Totals:        15       0       0       0       0       0       0       0       0
Total ram usage:       15 bytes
 Hardware stack levels used:    1
 Hardware stack levels required when called:    5
 This function calls:
		_GLCD_SetPixel
 This function is called by:
		_main
 This function uses a non-reentrant model


 *************** function _GLCD_SetPixel *****************
 Defined at:
		line 76 in file "KS0108.c"
 Parameters:    Size  Location     Type
  x               1    wreg     unsigned char 
  y               1   14[COMRAM] unsigned char 
  color           1   15[COMRAM] unsigned char 
 Auto vars:     Size  Location     Type
  x               1   19[COMRAM] unsigned char 
  tmp             1   18[COMRAM] unsigned char 
 Return value:  Size  Location     Type
		None               void
 Registers used:
		wreg, status,2, status,0, prodl, cstack
 Tracked objects:
		On entry : 
		On exit  : 
		Unchanged: 
 Data sizes:     COMRAM   BANK0   BANK1   BANK2   BANK3   BANK4   BANK5   BANK6   BANK7
      Params:         2       0       0       0       0       0       0       0       0
      Locals:         3       0       0       0       0       0       0       0       0
      Temps:          2       0       0       0       0       0       0       0       0
      Totals:         7       0       0       0       0       0       0       0       0
Total ram usage:        7 bytes
 Hardware stack levels used:    1
 Hardware stack levels required when called:    4
 This function calls:
		_GLCD_GoTo
		_GLCD_ReadData
		_GLCD_WriteData
		___awdiv
 This function is called by:
		_GLCD_Rectangle
		_GLCD_Circle
		_GLCD_Line
 This function uses a non-reentrant model


 *************** function _GLCD_WriteData *****************
 Defined at:
		line 113 in file "KS0108-PIC18.c"
 Parameters:    Size  Location     Type
  dataToWrite     1    wreg     unsigned char 
 Auto vars:     Size  Location     Type
  dataToWrite     1    9[COMRAM] unsigned char 
 Return value:  Size  Location     Type
		None               void
 Registers used:
		wreg, status,2, status,0, prodl, cstack
 Tracked objects:
		On entry : 
		On exit  : 
		Unchanged: 
 Data sizes:     COMRAM   BANK0   BANK1   BANK2   BANK3   BANK4   BANK5   BANK6   BANK7
      Params:         0       0       0       0       0       0       0       0       0
      Locals:         1       0       0       0       0       0       0       0       0
      Temps:          1       0       0       0       0       0       0       0       0
      Totals:         2       0       0       0       0       0       0       0       0
Total ram usage:        2 bytes
 Hardware stack levels used:    1
 Hardware stack levels required when called:    2
 This function calls:
		_GLCD_Delay
		_GLCD_DisableController
		_GLCD_EnableController
		_GLCD_ReadStatus
		___awdiv
 This function is called by:
		_GLCD_ClearScreen
		_GLCD_WriteChar
		_GLCD_SetPixel
		_GLCD_Bitmap
 This function uses a non-reentrant model


 *************** function _GLCD_ReadData *****************
 Defined at:
		line 94 in file "KS0108-PIC18.c"
 Parameters:    Size  Location     Type
		None
 Auto vars:     Size  Location     Type
  data            1    9[COMRAM] unsigned char 
 Return value:  Size  Location     Type
                  1    wreg      unsigned char 
 Registers used:
		wreg, status,2, status,0, prodl, cstack
 Tracked objects:
		On entry : 
		On exit  : 
		Unchanged: 
 Data sizes:     COMRAM   BANK0   BANK1   BANK2   BANK3   BANK4   BANK5   BANK6   BANK7
      Params:         0       0       0       0       0       0       0       0       0
      Locals:         1       0       0       0       0       0       0       0       0
      Temps:          1       0       0       0       0       0       0       0       0
      Totals:         2       0       0       0       0       0       0       0       0
Total ram usage:        2 bytes
 Hardware stack levels used:    1
 Hardware stack levels required when called:    2
 This function calls:
		_GLCD_Delay
		_GLCD_DisableController
		_GLCD_EnableController
		_GLCD_ReadStatus
		___awdiv
 This function is called by:
		_GLCD_SetPixel
 This function uses a non-reentrant model


 *************** function _GLCD_GoTo *****************
 Defined at:
		line 26 in file "KS0108.c"
 Parameters:    Size  Location     Type
  x               1    wreg     unsigned char 
  y               1   11[COMRAM] unsigned char 
 Auto vars:     Size  Location     Type
  x               1   12[COMRAM] unsigned char 
  i               1   13[COMRAM] unsigned char 
 Return value:  Size  Location     Type
		None               void
 Registers used:
		wreg, status,2, status,0, prodl, cstack
 Tracked objects:
		On entry : 
		On exit  : 
		Unchanged: 
 Data sizes:     COMRAM   BANK0   BANK1   BANK2   BANK3   BANK4   BANK5   BANK6   BANK7
      Params:         1       0       0       0       0       0       0       0       0
      Locals:         2       0       0       0       0       0       0       0       0
      Temps:          0       0       0       0       0       0       0       0       0
      Totals:         3       0       0       0       0       0       0       0       0
Total ram usage:        3 bytes
 Hardware stack levels used:    1
 Hardware stack levels required when called:    3
 This function calls:
		_GLCD_WriteCommand
		___awdiv
 This function is called by:
		_GLCD_ClearScreen
		_GLCD_SetPixel
		_GLCD_Bitmap
 This function uses a non-reentrant model


 *************** function ___awdiv *****************
 Defined at:
		line 8 in file "C:\Program Files (x86)\Microchip\xc8\v1.32\sources\common\awdiv.c"
 Parameters:    Size  Location     Type
  dividend        2    0[COMRAM] int 
  divisor         2    2[COMRAM] int 
 Auto vars:     Size  Location     Type
  quotient        2    6[COMRAM] int 
  sign            1    5[COMRAM] unsigned char 
  counter         1    4[COMRAM] unsigned char 
 Return value:  Size  Location     Type
                  2    0[COMRAM] int 
 Registers used:
		wreg, status,2, status,0, prodl
 Tracked objects:
		On entry : 
		On exit  : 
		Unchanged: 
 Data sizes:     COMRAM   BANK0   BANK1   BANK2   BANK3   BANK4   BANK5   BANK6   BANK7
      Params:         4       0       0       0       0       0       0       0       0
      Locals:         4       0       0       0       0       0       0       0       0
      Temps:          0       0       0       0       0       0       0       0       0
      Totals:         8       0       0       0       0       0       0       0       0
Total ram usage:        8 bytes
 Hardware stack levels used:    1
 This function calls:
		Nothing
 This function is called by:
		_GLCD_ReadData
		_GLCD_WriteData
		_GLCD_GoTo
		_GLCD_SetPixel
		_GLCD_Bitmap
 This function uses a non-reentrant model


 *************** function _GLCD_WriteCommand *****************
 Defined at:
		line 79 in file "KS0108-PIC18.c"
 Parameters:    Size  Location     Type
  commandToWri    1    wreg     unsigned char 
  controller      1    8[COMRAM] unsigned char 
 Auto vars:     Size  Location     Type
  commandToWri    1   10[COMRAM] unsigned char 
 Return value:  Size  Location     Type
		None               void
 Registers used:
		wreg, status,2, status,0, cstack
 Tracked objects:
		On entry : 
		On exit  : 
		Unchanged: 
 Data sizes:     COMRAM   BANK0   BANK1   BANK2   BANK3   BANK4   BANK5   BANK6   BANK7
      Params:         1       0       0       0       0       0       0       0       0
      Locals:         1       0       0       0       0       0       0       0       0
      Temps:          1       0       0       0       0       0       0       0       0
      Totals:         3       0       0       0       0       0       0       0       0
Total ram usage:        3 bytes
 Hardware stack levels used:    1
 Hardware stack levels required when called:    2
 This function calls:
		_GLCD_Delay
		_GLCD_DisableController
		_GLCD_EnableController
		_GLCD_ReadStatus
 This function is called by:
		_GLCD_Initialize
		_GLCD_GoTo
 This function uses a non-reentrant model


 *************** function _GLCD_ReadStatus *****************
 Defined at:
		line 62 in file "KS0108-PIC18.c"
 Parameters:    Size  Location     Type
  controller      1    wreg     unsigned char 
 Auto vars:     Size  Location     Type
  controller      1    2[COMRAM] unsigned char 
  status          1    1[COMRAM] unsigned char 
 Return value:  Size  Location     Type
                  1    wreg      unsigned char 
 Registers used:
		wreg, status,2, status,0, cstack
 Tracked objects:
		On entry : 
		On exit  : 
		Unchanged: 
 Data sizes:     COMRAM   BANK0   BANK1   BANK2   BANK3   BANK4   BANK5   BANK6   BANK7
      Params:         0       0       0       0       0       0       0       0       0
      Locals:         2       0       0       0       0       0       0       0       0
      Temps:          0       0       0       0       0       0       0       0       0
      Totals:         2       0       0       0       0       0       0       0       0
Total ram usage:        2 bytes
 Hardware stack levels used:    1
 Hardware stack levels required when called:    1
 This function calls:
		_GLCD_Delay
		_GLCD_DisableController
		_GLCD_EnableController
 This function is called by:
		_GLCD_WriteCommand
		_GLCD_ReadData
		_GLCD_WriteData
 This function uses a non-reentrant model


 *************** function _GLCD_EnableController *****************
 Defined at:
		line 39 in file "KS0108-PIC18.c"
 Parameters:    Size  Location     Type
  controller      1    wreg     unsigned char 
 Auto vars:     Size  Location     Type
  controller      1    0[COMRAM] unsigned char 
 Return value:  Size  Location     Type
		None               void
 Registers used:
		wreg, status,2, status,0
 Tracked objects:
		On entry : 
		On exit  : 
		Unchanged: 
 Data sizes:     COMRAM   BANK0   BANK1   BANK2   BANK3   BANK4   BANK5   BANK6   BANK7
      Params:         0       0       0       0       0       0       0       0       0
      Locals:         1       0       0       0       0       0       0       0       0
      Temps:          0       0       0       0       0       0       0       0       0
      Totals:         1       0       0       0       0       0       0       0       0
Total ram usage:        1 bytes
 Hardware stack levels used:    1
 This function calls:
		Nothing
 This function is called by:
		_GLCD_ReadStatus
		_GLCD_WriteCommand
		_GLCD_ReadData
		_GLCD_WriteData
 This function uses a non-reentrant model


 *************** function _GLCD_DisableController *****************
 Defined at:
		line 50 in file "KS0108-PIC18.c"
 Parameters:    Size  Location     Type
  controller      1    wreg     unsigned char 
 Auto vars:     Size  Location     Type
  controller      1    0[COMRAM] unsigned char 
 Return value:  Size  Location     Type
		None               void
 Registers used:
		wreg, status,2, status,0
 Tracked objects:
		On entry : 
		On exit  : 
		Unchanged: 
 Data sizes:     COMRAM   BANK0   BANK1   BANK2   BANK3   BANK4   BANK5   BANK6   BANK7
      Params:         0       0       0       0       0       0       0       0       0
      Locals:         1       0       0       0       0       0       0       0       0
      Temps:          0       0       0       0       0       0       0       0       0
      Totals:         1       0       0       0       0       0       0       0       0
Total ram usage:        1 bytes
 Hardware stack levels used:    1
 This function calls:
		Nothing
 This function is called by:
		_GLCD_ReadStatus
		_GLCD_WriteCommand
		_GLCD_ReadData
		_GLCD_WriteData
 This function uses a non-reentrant model


 *************** function _GLCD_Delay *****************
 Defined at:
		line 24 in file "KS0108-PIC18.c"
 Parameters:    Size  Location     Type
		None
 Auto vars:     Size  Location     Type
		None
 Return value:  Size  Location     Type
		None               void
 Registers used:
		None
 Tracked objects:
		On entry : 
		On exit  : 
		Unchanged: 
 Data sizes:     COMRAM   BANK0   BANK1   BANK2   BANK3   BANK4   BANK5   BANK6   BANK7
      Params:         0       0       0       0       0       0       0       0       0
      Locals:         0       0       0       0       0       0       0       0       0
      Temps:          0       0       0       0       0       0       0       0       0
      Totals:         0       0       0       0       0       0       0       0       0
Total ram usage:        0 bytes
 Hardware stack levels used:    1
 This function calls:
		Nothing
 This function is called by:
		_GLCD_ReadStatus
		_GLCD_WriteCommand
		_GLCD_ReadData
		_GLCD_WriteData
 This function uses a non-reentrant model


 *************** function _Delay_s *****************
 Defined at:
		line 36 in file "delay.c"
 Parameters:    Size  Location     Type
  t               1    wreg     unsigned char 
 Auto vars:     Size  Location     Type
  t               1    3[COMRAM] unsigned char 
  j               1    5[COMRAM] unsigned char 
  i               1    4[COMRAM] unsigned char 
 Return value:  Size  Location     Type
		None               void
 Registers used:
		wreg, status,2, status,0, cstack
 Tracked objects:
		On entry : 
		On exit  : 
		Unchanged: 
 Data sizes:     COMRAM   BANK0   BANK1   BANK2   BANK3   BANK4   BANK5   BANK6   BANK7
      Params:         0       0       0       0       0       0       0       0       0
      Locals:         3       0       0       0       0       0       0       0       0
      Temps:          0       0       0       0       0       0       0       0       0
      Totals:         3       0       0       0       0       0       0       0       0
Total ram usage:        3 bytes
 Hardware stack levels used:    1
 Hardware stack levels required when called:    2
 This function calls:
		_delay_ms
 This function is called by:
		_main
 This function uses a non-reentrant model


 *************** function _delay_ms *****************
 Defined at:
		line 17 in file "delay.c"
 Parameters:    Size  Location     Type
  t               1    wreg     unsigned char 
 Auto vars:     Size  Location     Type
  t               1    1[COMRAM] unsigned char 
  i               1    2[COMRAM] unsigned char 
 Return value:  Size  Location     Type
		None               void
 Registers used:
		wreg, status,2, status,0, cstack
 Tracked objects:
		On entry : 
		On exit  : 
		Unchanged: 
 Data sizes:     COMRAM   BANK0   BANK1   BANK2   BANK3   BANK4   BANK5   BANK6   BANK7
      Params:         0       0       0       0       0       0       0       0       0
      Locals:         2       0       0       0       0       0       0       0       0
      Temps:          0       0       0       0       0       0       0       0       0
      Totals:         2       0       0       0       0       0       0       0       0
Total ram usage:        2 bytes
 Hardware stack levels used:    1
 Hardware stack levels required when called:    1
 This function calls:
		_Delay1KTCYx
 This function is called by:
		_Delay_s
 This function uses a non-reentrant model


 *************** function _Delay1KTCYx *****************
 Defined at:
		line 8 in file "C:\Program Files (x86)\Microchip\xc8\v1.32\sources\pic18\d1ktcyx.c"
 Parameters:    Size  Location     Type
  unit            1    wreg     unsigned char 
 Auto vars:     Size  Location     Type
  unit            1    0[COMRAM] unsigned char 
 Return value:  Size  Location     Type
		None               void
 Registers used:
		wreg
 Tracked objects:
		On entry : 
		On exit  : 
		Unchanged: 
 Data sizes:     COMRAM   BANK0   BANK1   BANK2   BANK3   BANK4   BANK5   BANK6   BANK7
      Params:         0       0       0       0       0       0       0       0       0
      Locals:         1       0       0       0       0       0       0       0       0
      Temps:          0       0       0       0       0       0       0       0       0
      Totals:         1       0       0       0       0       0       0       0       0
Total ram usage:        1 bytes
 Hardware stack levels used:    1
 This function calls:
		Nothing
 This function is called by:
		_delay_ms
		_delay_us
		_DelayPORXLCD
		_DelayXLCD
 This function uses a non-reentrant model



MODULE INFORMATION

Module		Function		Class		Link	Load	Size
delay.c
		_Delay_s       		CODE           	6A1C	0000	40
		_delay_ms      		CODE           	694E	0000	26

delay.c estimated size: 66

KS0108.c
		_GLCD_ClearScre		CODE           	6A6E	0000	46
		_GLCD_WriteStri		CODE           	6A44	0000	42
		_GLCD_WriteChar		CODE           	6B24	0000	98
		_GLCD_GoTo     		CODE           	6C54	0000	120
		_GLCD_SetPixel 		CODE           	6CCC	0000	146
		_GLCD_Initializ		CODE           	6968	0000	30

KS0108.c estimated size: 482

KS0108-PIC18.c
		_GLCD_WriteComm		CODE           	6A9C	0000	48
		_GLCD_WriteData		CODE           	6BEC	0000	104
		_GLCD_ReadByteF		CODE           	6924	0000	12
		_GLCD_ReadData 		CODE           	6B86	0000	102
		_GLCD_Delay    		CODE           	6916	0000	4
		_GLCD_DisableCo		CODE           	69AA	0000	38
		_GLCD_EnableCon		CODE           	69D0	0000	38
		_GLCD_ReadStatu		CODE           	6986	0000	36
		_GLCD_Initializ		CODE           	691A	0000	10

KS0108-PIC18.c estimated size: 392

graphic.c
		_GLCD_Rectangle		CODE           	6D5E	0000	152
		_GLCD_Circle   		CODE           	6E9A	0000	400

graphic.c estimated size: 552

C:\Program Files (x86)\Microchip\xc8\v1.32\sources\common\awdiv.c
		___awdiv       		CODE           	6DF6	0000	164

C:\Program Files (x86)\Microchip\xc8\v1.32\sources\common\awdiv.c estimated size: 164

C:\Program Files (x86)\Microchip\xc8\v1.32\sources\common\Umul16.c
		___wmul        		CODE           	69F6	0000	38

C:\Program Files (x86)\Microchip\xc8\v1.32\sources\common\Umul16.c estimated size: 38

C:\Program Files (x86)\Microchip\xc8\v1.32\sources\pic18\d1ktcyx.c
		_Delay1KTCYx   		CODE           	693E	0000	16

C:\Program Files (x86)\Microchip\xc8\v1.32\sources\pic18\d1ktcyx.c estimated size: 16

shared
		_mchip_logo    		MEDIUMCONST    	782B	0000	1024
		__stringdata   		MEDIUMCONST    	7FEC	0000	18
		_font5x8       		MEDIUMCONST    	7C2B	0000	480
		_color         		MEDIUMCONST    	7FEB	0000	1
		font5x8@font5x8		MEDIUMCONST    	7E0B	0000	480
		__initializatio		CODE           	6930	0000	4
		_logoglcd1     		MEDIUMCONST    	702B	0000	1024
		_logoglcd2     		MEDIUMCONST    	742B	0000	1024

shared estimated size: 4055

main.c
		_main          		CODE           	6ACC	0000	88

main.c estimated size: 88

